This is pdfTeX, Version 3.141592653-2.6-1.40.25 (TeX Live 2023) (preloaded format=pdflatex 2024.1.2)  13 AUG 2024 14:00
entering extended mode
 restricted \write18 enabled.
 file:line:error style messages enabled.
 %&-line parsing enabled.
**06_worksheet.tex
(./06_worksheet.tex
LaTeX2e <2023-11-01>
L3 programming layer <2023-12-11>

./06_worksheet.tex:2: LaTeX Error: No counter 'handout' defined.

See the LaTeX manual or LaTeX Companion for explanation.
Type  H <return>  for immediate help.
 ...                                              
                                                  
l.2 \stepcounter{handout}
                         
? 
./06_worksheet.tex:2: Emergency stop.
 ...                                              
                                                  
l.2 \stepcounter{handout}
                         
Your command was ignored.
Type  I <command> <return>  to replace it with another command,
or  <return>  to continue without it.

 
Here is how much of TeX's memory you used:
 17 strings out of 475632
 540 string characters out of 5780175
 1924457 words of memory out of 5000000
 22205 multiletter control sequences out of 15000+600000
 558069 words of font info for 36 fonts, out of 8000000 for 9000
 319 hyphenation exceptions out of 8191
 12i,0n,13p,56b,14s stack positions out of 10000i,1000n,20000p,200000b,200000s
./06_worksheet.tex:2:  ==> Fatal error occurred, no output PDF file produced!
